// Jest Snapshot v1, https://goo.gl/fbAQLP

exports[`successfully renders some HTML 1`] = `
<div>
  <nav
    className="navbar"
  >
    <div
      className="container-fluid"
    >
      <span
        className="navbar-brand mb-0 h1"
      >
        Github Repository Search
      </span>
    </div>
  </nav>
  <div
    className="mainDiv"
  >
    <form
      className="searchBar"
      onSubmit={[Function]}
    >
      <div
        className="inputField"
      >
        <button
          className="searchIcon"
        >
          <svg
            aria-hidden="true"
            className="svg-inline--fa fa-search "
            data-icon="search"
            data-prefix="fas"
            focusable="false"
            role="img"
            style={Object {}}
            viewBox="0 0 512 512"
            xmlns="http://www.w3.org/2000/svg"
          >
            <path
              d="M505 442.7L405.3 343c-4.5-4.5-10.6-7-17-7H372c27.6-35.3 44-79.7 44-128C416 93.1 322.9 0 208 0S0 93.1 0 208s93.1 208 208 208c48.3 0 92.7-16.4 128-44v16.3c0 6.4 2.5 12.5 7 17l99.7 99.7c9.4 9.4 24.6 9.4 33.9 0l28.3-28.3c9.4-9.4 9.4-24.6.1-34zM208 336c-70.7 0-128-57.2-128-128 0-70.7 57.2-128 128-128 70.7 0 128 57.2 128 128 0 70.7-57.2 128-128 128z"
              fill="currentColor"
              style={Object {}}
            />
          </svg>
        </button>
        <input
          id="myInput"
          onChange={[Function]}
          placeholder="Search Github repos here"
          type="text"
        />
      </div>
      <button
        className="btn"
        id="clearBtn"
        onClick={[Function]}
        type="button"
      >
        <svg
          aria-hidden="true"
          className="svg-inline--fa fa-ban "
          data-icon="ban"
          data-prefix="fas"
          focusable="false"
          role="img"
          style={Object {}}
          viewBox="0 0 512 512"
          xmlns="http://www.w3.org/2000/svg"
        >
          <path
            d="M256 8C119.034 8 8 119.033 8 256s111.034 248 248 248 248-111.034 248-248S392.967 8 256 8zm130.108 117.892c65.448 65.448 70 165.481 20.677 235.637L150.47 105.216c70.204-49.356 170.226-44.735 235.638 20.676zM125.892 386.108c-65.448-65.448-70-165.481-20.677-235.637L361.53 406.784c-70.203 49.356-170.226 44.736-235.638-20.676z"
            fill="currentColor"
            style={Object {}}
          />
        </svg>
      </button>
    </form>
    <div
      className="results"
    />
  </div>
</div>
`;
