// Jest Snapshot v1, https://goo.gl/fbAQLP

exports[`successful renders the component 1`] = `
<nav
  className="navbar"
>
  <div
    className="container-fluid"
  >
    <span
      className="navbar-brand mb-0 h1"
    >
      Github Repository Search
    </span>
  </div>
</nav>
`;
